/Users/chriss/Sites/artsy/force/src/Apps/Artwork/Components/__tests__/PricingContext.jest.tsx
/Users/chriss/Sites/artsy/force/src/Apps/Auction/Routes/__tests__/AuctionRegistrationRoute.jest.tsx
/Users/chriss/Sites/artsy/force/src/Apps/Auction/Routes/Bid/__tests__/AuctionBidRoute.jest.tsx
/Users/chriss/Sites/artsy/force/src/Apps/PriceDatabase/__tests__/PriceDatabaseApp.jest.tsx
/Users/chriss/Sites/artsy/force/src/Apps/Search/Routes/__tests__/SearchResultsEntity.jest.tsx
/Users/chriss/Sites/artsy/force/src/Apps/Settings/Routes/Auctions/__tests__/SettingsAuctionsRoute.jest.tsx
/Users/chriss/Sites/artsy/force/src/Apps/ViewingRoom/__tests__/ViewingRoomApp.jest.tsx
/Users/chriss/Sites/artsy/force/src/Apps/ViewingRoom/__tests__/ViewingRoomsApp.jest.tsx
/Users/chriss/Sites/artsy/force/src/Components/__tests__/LocationAutocompleteInput.jest.tsx
/Users/chriss/Sites/artsy/force/src/Components/ArtworkGrid/__tests__/ArtworkGrid.jest.tsx
/Users/chriss/Sites/artsy/force/src/Components/ConfirmPasswordModal/__tests__/ConfirmPasswordModal.jest.tsx
/Users/chriss/Sites/artsy/force/src/Components/Inquiry/__tests__/Views/InquiryLogin.jest.tsx
/Users/chriss/Sites/artsy/force/src/Components/Inquiry/__tests__/Views/InquirySignUp.jest.tsx
/Users/chriss/Sites/artsy/force/src/Components/Inquiry/__tests__/Views/InquirySpecialist.jest.tsx
/Users/chriss/Sites/artsy/force/src/Components/NavBar/__tests__/NavBar.jest.tsx
/Users/chriss/Sites/artsy/force/src/Components/NavBar/NavBarMobileMenu/__tests__/NavBarMobileMenu.jest.tsx
/Users/chriss/Sites/artsy/force/src/System/Components/__tests__/ErrorBoundary.jest.tsx
/Users/chriss/Sites/artsy/force/src/System/Relay/__tests__/SystemQueryRenderer.jest.tsx
/Users/chriss/Sites/artsy/force/src/System/Router/__tests__/serverRouter.jest.tsx
