// Jest Snapshot v1, https://goo.gl/fbAQLP

exports[`Timestamp matches the snapshot 1`] = `
.c0 {
  font-family: 'Adobe Garamond W08','adobe-garamond-pro','AGaramondPro-Regular','Times New Roman',Times,serif;
  font-size: 23px;
  line-height: 1.5em;
  -webkit-font-smoothing: antialiased;
}

<div
  className="c0"
>
  33:20
   / 
  23:20
</div>
`;
